AUTH: 2025/06/17 11:02:57 logger.go:35: UserID: 6 | Username: AdministradorSimclec | Action: LOGIN
AUTH: 2025/06/17 11:05:09 logger.go:35: UserID: 6 | Username: AdministradorSimclec | Action: LOGIN
AUTH: 2025/06/17 11:05:28 logger.go:35: UserID: 6 | Username: AdministradorSimclec | Action: LOGOUT
AUTH: 2025/06/17 11:19:23 logger.go:35: UserID: 6 | Username: AdministradorSimclec | Action: LOGIN
AUTH: 2025/06/17 11:21:56 logger.go:35: UserID: 6 | Username: AdministradorSimclec | Action: LOGOUT
AUTH: 2025/06/17 11:22:10 logger.go:35: UserID: 6 | Username: AdministradorSimclec | Action: LOGIN
AUTH: 2025/06/17 11:22:31 logger.go:35: UserID: 6 | Username: AdministradorSimclec | Action: LOGOUT
AUTH: 2025/06/17 11:24:06 logger.go:35: UserID: 6 | Username: AdministradorSimclec | Action: LOGIN
AUTH: 2025/06/17 11:25:14 logger.go:35: UserID: 6 | Username: AdministradorSimclec | Action: LOGOUT
AUTH: 2025/06/17 11:26:33 logger.go:35: UserID: 15 | Username: maria_lopez90 | Action: LOGIN
AUTH: 2025/06/17 11:28:15 logger.go:35: UserID: 15 | Username: maria_lopez90 | Action: LOGOUT
AUTH: 2025/06/17 12:07:03 logger.go:35: UserID: 6 | Username: AdministradorSimclec | Action: LOGIN
AUTH: 2025/06/17 12:12:43 logger.go:35: UserID: 6 | Username: SYSTEM | Action: SESSION_EXPIRED
AUTH: 2025/06/17 12:13:57 logger.go:35: UserID: 6 | Username: AdministradorSimclec | Action: LOGIN
AUTH: 2025/06/17 12:19:43 logger.go:35: UserID: 6 | Username: SYSTEM | Action: SESSION_EXPIRED
AUTH: 2025/06/17 12:21:37 logger.go:35: UserID: 0 | Username:  | Action: INVALID_TOKEN
AUTH: 2025/06/17 12:21:37 logger.go:35: UserID: 0 | Username:  | Action: INVALID_TOKEN
AUTH: 2025/06/17 12:21:45 logger.go:35: UserID: 6 | Username: AdministradorSimclec | Action: LOGIN
AUTH: 2025/06/17 12:27:43 logger.go:35: UserID: 6 | Username: SYSTEM | Action: SESSION_EXPIRED
AUTH: 2025/06/17 13:16:55 logger.go:35: UserID: 6 | Username: AdministradorSimclec | Action: LOGIN
AUTH: 2025/06/17 13:17:36 logger.go:35: UserID: 0 | Username:  | Action: INVALID_TOKEN
AUTH: 2025/06/17 13:17:36 logger.go:35: UserID: 0 | Username:  | Action: INVALID_TOKEN
AUTH: 2025/06/17 13:17:41 logger.go:35: UserID: 0 | Username:  | Action: INVALID_TOKEN
AUTH: 2025/06/17 13:18:46 logger.go:35: UserID: 6 | Username: AdministradorSimclec | Action: LOGOUT
AUTH: 2025/06/17 13:18:53 logger.go:35: UserID: 6 | Username: AdministradorSimclec | Action: LOGIN
AUTH: 2025/06/17 13:20:01 logger.go:35: UserID: 6 | Username: AdministradorSimclec | Action: LOGOUT
AUTH: 2025/06/17 13:20:27 logger.go:35: UserID: 6 | Username: AdministradorSimclec | Action: LOGIN
AUTH: 2025/06/17 13:22:33 logger.go:35: UserID: 6 | Username: AdministradorSimclec | Action: LOGOUT
AUTH: 2025/06/17 13:23:32 logger.go:35: UserID: 15 | Username: maria_lopez90 | Action: LOGIN
AUTH: 2025/06/17 13:28:25 logger.go:35: UserID: 15 | Username: maria_lopez90 | Action: TOKEN_RENEWED (pendiente de promoción)
AUTH: 2025/06/17 13:28:40 logger.go:35: UserID: 0 | Username:  | Action: INVALID_TOKEN
AUTH: 2025/06/17 13:29:25 logger.go:35: UserID: 15 | Username: maria_lopez90 | Action: LOGIN
AUTH: 2025/06/17 13:33:26 logger.go:35: UserID: 15 | Username: maria_lopez90 | Action: TOKEN_RENEWED (pendiente de promoción)
AUTH: 2025/06/17 13:33:26 logger.go:35: UserID: 15 | Username: maria_lopez90 | Action: TOKEN_RENEWED (pendiente de promoción)
AUTH: 2025/06/17 13:35:36 logger.go:35: UserID: 0 | Username:  | Action: INVALID_TOKEN
AUTH: 2025/06/17 13:35:37 logger.go:35: UserID: 0 | Username:  | Action: INVALID_TOKEN
AUTH: 2025/06/17 13:37:01 logger.go:35: UserID: 15 | Username: maria_lopez90 | Action: LOGIN
AUTH: 2025/06/17 13:41:07 logger.go:35: UserID: 15 | Username: maria_lopez90 | Action: TOKEN_RENEWED (pendiente de promoción)
AUTH: 2025/06/17 13:42:02 logger.go:35: UserID: 0 | Username:  | Action: INVALID_TOKEN
AUTH: 2025/06/17 13:42:02 logger.go:35: UserID: 0 | Username:  | Action: INVALID_TOKEN
AUTH: 2025/06/17 13:42:02 logger.go:35: UserID: 0 | Username:  | Action: INVALID_TOKEN
AUTH: 2025/06/17 13:42:06 logger.go:35: UserID: 0 | Username:  | Action: INVALID_TOKEN
AUTH: 2025/06/17 13:42:06 logger.go:35: UserID: 0 | Username:  | Action: INVALID_TOKEN
AUTH: 2025/06/17 13:42:51 logger.go:35: UserID: 15 | Username: maria_lopez90 | Action: LOGIN
AUTH: 2025/06/17 13:44:17 logger.go:35: UserID: 15 | Username: maria_lopez90 | Action: LOGOUT
AUTH: 2025/06/17 13:44:33 logger.go:35: UserID: 14 | Username: mariana.lopez | Action: LOGIN
AUTH: 2025/06/17 13:49:16 logger.go:35: UserID: 14 | Username: mariana.lopez | Action: TOKEN_RENEWED (pendiente de promoción)
AUTH: 2025/06/17 13:49:16 logger.go:35: UserID: 14 | Username: mariana.lopez | Action: LOGOUT
AUTH: 2025/06/17 13:49:43 logger.go:35: UserID: 6 | Username: AdministradorSimclec | Action: LOGIN
AUTH: 2025/06/17 13:49:51 logger.go:35: UserID: 6 | Username: AdministradorSimclec | Action: LOGOUT
AUTH: 2025/06/17 13:50:12 logger.go:35: UserID: 6 | Username: AdministradorSimclec | Action: LOGIN
AUTH: 2025/06/17 13:50:41 logger.go:35: UserID: 6 | Username: AdministradorSimclec | Action: LOGOUT
AUTH: 2025/06/17 13:50:49 logger.go:35: UserID: 37 | Username: directivo | Action: LOGIN
AUTH: 2025/06/17 13:55:38 logger.go:35: UserID: 37 | Username: directivo | Action: TOKEN_RENEWED (pendiente de promoción)
AUTH: 2025/06/17 13:55:38 logger.go:35: UserID: 37 | Username: directivo | Action: TOKEN_RENEWED (pendiente de promoción)
AUTH: 2025/06/17 13:55:38 logger.go:35: UserID: 37 | Username: directivo | Action: TOKEN_RENEWED (pendiente de promoción)
AUTH: 2025/06/17 13:55:38 logger.go:35: UserID: 37 | Username: directivo | Action: TOKEN_RENEWED (pendiente de promoción)
AUTH: 2025/06/17 13:56:02 logger.go:35: UserID: 37 | Username: directivo | Action: TOKEN_PROMOTED
AUTH: 2025/06/17 13:56:28 logger.go:35: UserID: 0 | Username:  | Action: INVALID_TOKEN
AUTH: 2025/06/17 13:56:28 logger.go:35: UserID: 0 | Username:  | Action: INVALID_TOKEN
AUTH: 2025/06/17 13:56:28 logger.go:35: UserID: 0 | Username:  | Action: INVALID_TOKEN
AUTH: 2025/06/17 13:56:28 logger.go:35: UserID: 0 | Username:  | Action: INVALID_TOKEN
AUTH: 2025/06/17 13:58:14 logger.go:35: UserID: 37 | Username: directivo | Action: LOGIN
AUTH: 2025/06/17 14:00:41 logger.go:35: UserID: 14 | Username: mariana.lopez | Action: LOGIN
AUTH: 2025/06/17 14:00:46 logger.go:35: UserID: 14 | Username: mariana.lopez | Action: LOGOUT
AUTH: 2025/06/17 14:00:54 logger.go:35: UserID: 37 | Username: directivo | Action: LOGIN
AUTH: 2025/06/17 14:07:00 logger.go:35: UserID: 37 | Username: SYSTEM | Action: SESSION_EXPIRED
AUTH: 2025/06/17 14:16:12 logger.go:35: UserID: 6 | Username: AdministradorSimclec | Action: LOGIN
AUTH: 2025/06/17 14:22:00 logger.go:35: UserID: 6 | Username: SYSTEM | Action: SESSION_EXPIRED
AUTH: 2025/06/17 15:43:17 logger.go:35: UserID: 0 | Username:  | Action: INVALID_TOKEN
AUTH: 2025/06/17 16:51:59 logger.go:35: UserID: 6 | Username: AdministradorSimclec | Action: LOGIN
AUTH: 2025/06/17 16:52:24 logger.go:35: UserID: 6 | Username: AdministradorSimclec | Action: LOGOUT
AUTH: 2025/06/17 16:52:44 logger.go:35: UserID: 37 | Username: directivo | Action: LOGIN
AUTH: 2025/06/17 17:00:01 logger.go:35: UserID: 37 | Username: SYSTEM | Action: SESSION_EXPIRED
AUTH: 2025/06/17 17:00:38 logger.go:35: UserID: 0 | Username:  | Action: INVALID_TOKEN
AUTH: 2025/06/17 17:00:51 logger.go:35: UserID: 37 | Username: directivo | Action: LOGIN
AUTH: 2025/06/17 17:00:55 logger.go:35: UserID: 37 | Username: directivo | Action: LOGOUT
AUTH: 2025/06/17 17:01:07 logger.go:35: UserID: 37 | Username: directivo | Action: LOGIN
AUTH: 2025/06/17 17:07:01 logger.go:35: UserID: 37 | Username: SYSTEM | Action: SESSION_EXPIRED
AUTH: 2025/06/17 17:17:33 logger.go:35: UserID: 0 | Username:  | Action: INVALID_TOKEN
AUTH: 2025/06/17 17:17:49 logger.go:35: UserID: 37 | Username: directivo | Action: LOGIN
AUTH: 2025/06/17 17:18:30 logger.go:35: UserID: 37 | Username: directivo | Action: LOGOUT
AUTH: 2025/06/17 21:03:55 logger.go:35: UserID: 14 | Username: mariana.lopez | Action: LOGIN
AUTH: 2025/06/17 21:04:06 logger.go:35: UserID: 14 | Username: mariana.lopez | Action: LOGOUT
AUTH: 2025/06/17 21:04:15 logger.go:35: UserID: 6 | Username: AdministradorSimclec | Action: LOGIN
AUTH: 2025/06/17 21:11:57 logger.go:35: UserID: 6 | Username: SYSTEM | Action: SESSION_EXPIRED
AUTH: 2025/06/17 21:37:51 logger.go:35: UserID: 6 | Username: AdministradorSimclec | Action: LOGIN
AUTH: 2025/06/17 21:40:44 logger.go:35: UserID: 6 | Username: AdministradorSimclec | Action: LOGOUT
AUTH: 2025/06/17 21:40:52 logger.go:35: UserID: 37 | Username: directivo | Action: LOGIN
AUTH: 2025/06/17 21:41:19 logger.go:35: UserID: 37 | Username: directivo | Action: LOGOUT
AUTH: 2025/06/17 21:46:15 logger.go:35: UserID: 0 | Username:  | Action: INVALID_TOKEN
AUTH: 2025/06/17 21:46:18 logger.go:35: UserID: 0 | Username:  | Action: INVALID_TOKEN
AUTH: 2025/06/17 21:46:50 logger.go:35: UserID: 6 | Username: AdministradorSimclec | Action: LOGIN
AUTH: 2025/06/17 21:52:57 logger.go:35: UserID: 6 | Username: SYSTEM | Action: SESSION_EXPIRED
